 
****************************************
Report : power
        -analysis_effort low
Design : DLX
Version: S-2021.06-SP4
Date   : Sat Sep 16 15:56:18 2023
****************************************


Library(s) Used:

    NangateOpenCellLibrary (File: /home/mariagrazia.graziano/do/libnangate/NangateOpenCellLibrary_typical_ecsm.db)


Operating Conditions: typical   Library: NangateOpenCellLibrary
Wire Load Model Mode: top

Design        Wire Load Model            Library
------------------------------------------------
DLX                    5K_hvratio_1_4    NangateOpenCellLibrary


Global Operating Voltage = 1.1  
Power-specific unit information :
    Voltage Units = 1V
    Capacitance Units = 1.000000ff
    Time Units = 1ns
    Dynamic Power Units = 1uW    (derived from V,C,T units)
    Leakage Power Units = 1nW


  Cell Internal Power  =   1.2710 mW   (75%)
  Net Switching Power  = 421.7324 uW   (25%)
                         ---------
Total Dynamic Power    =   1.6928 mW  (100%)

Cell Leakage Power     = 258.6863 uW


                 Internal         Switching           Leakage            Total
Power Group      Power            Power               Power              Power   (   %    )  Attrs
--------------------------------------------------------------------------------------------------
io_pad             0.0000            0.0000            0.0000            0.0000  (   0.00%)
memory             0.0000            0.0000            0.0000            0.0000  (   0.00%)
black_box          0.0000            0.0000            0.0000            0.0000  (   0.00%)
clock_network     56.4907          161.8454        1.1419e+03          219.4780  (  11.25%)
register         927.6110           21.0232        5.8434e+04        1.0071e+03  (  51.61%)
sequential        88.9098            9.1208        4.0907e+04          138.9381  (   7.12%)
combinational    198.0149          229.7430        1.5820e+05          585.9614  (  30.03%)
--------------------------------------------------------------------------------------------------
Total          1.2710e+03 uW       421.7323 uW     2.5869e+05 nW     1.9514e+03 uW
1
