 
****************************************
Report : power
        -analysis_effort low
Design : DLX
Version: S-2021.06-SP4
Date   : Sat Sep 16 16:04:34 2023
****************************************


Library(s) Used:

    NangateOpenCellLibrary (File: /home/mariagrazia.graziano/do/libnangate/NangateOpenCellLibrary_typical_ecsm.db)


Operating Conditions: typical   Library: NangateOpenCellLibrary
Wire Load Model Mode: top

Design        Wire Load Model            Library
------------------------------------------------
DLX                    5K_hvratio_1_4    NangateOpenCellLibrary


Global Operating Voltage = 1.1  
Power-specific unit information :
    Voltage Units = 1V
    Capacitance Units = 1.000000ff
    Time Units = 1ns
    Dynamic Power Units = 1uW    (derived from V,C,T units)
    Leakage Power Units = 1nW


  Cell Internal Power  =   1.9667 mW   (75%)
  Net Switching Power  = 646.1701 uW   (25%)
                         ---------
Total Dynamic Power    =   2.6129 mW  (100%)

Cell Leakage Power     = 282.9016 uW


                 Internal         Switching           Leakage            Total
Power Group      Power            Power               Power              Power   (   %    )  Attrs
--------------------------------------------------------------------------------------------------
io_pad             0.0000            0.0000            0.0000            0.0000  (   0.00%)
memory             0.0000            0.0000            0.0000            0.0000  (   0.00%)
black_box          0.0000            0.0000            0.0000            0.0000  (   0.00%)
clock_network     74.4557          321.1487        1.2031e+03          396.8074  (  13.70%)
register       1.5384e+03           37.0404        7.9449e+04        1.6549e+03  (  57.15%)
sequential       114.9357           11.7930        4.0907e+04          167.6353  (   5.79%)
combinational    238.9193          276.1879        1.6134e+05          676.4509  (  23.36%)
--------------------------------------------------------------------------------------------------
Total          1.9667e+03 uW       646.1699 uW     2.8290e+05 nW     2.8958e+03 uW
1
